###############################################################################
#
# IAR ELF Linker V8.11.3.13950/W32 for ARM                16/Sep/2017  17:57:13
# Copyright 2007-2017 IAR Systems AB.
#
#    Output file  =  
#        C:\Users\one\Desktop\智能家具\STM32\STM32F10X_Test\Debug\Exe\STM32F10X_Template.out
#    Map file     =  
#        C:\Users\one\Desktop\智能家具\STM32\STM32F10X_Test\Debug\List\STM32F10X_Template.map
#    Command line =  
#        -f C:\Users\one\AppData\Local\Temp\EW548E.tmp
#        (C:\Users\one\Desktop\智能家具\STM32\STM32F10X_Test\Debug\Obj\dht11.o
#        C:\Users\one\Desktop\智能家具\STM32\STM32F10X_Test\Debug\Obj\main.o
#        C:\Users\one\Desktop\智能家具\STM32\STM32F10X_Test\Debug\Obj\misc.o
#        C:\Users\one\Desktop\智能家具\STM32\STM32F10X_Test\Debug\Obj\mq7.o
#        C:\Users\one\Desktop\智能家具\STM32\STM32F10X_Test\Debug\Obj\startup_stm32f10x_md.o
#        C:\Users\one\Desktop\智能家具\STM32\STM32F10X_Test\Debug\Obj\stm32f10x_adc.o
#        C:\Users\one\Desktop\智能家具\STM32\STM32F10X_Test\Debug\Obj\stm32f10x_bkp.o
#        C:\Users\one\Desktop\智能家具\STM32\STM32F10X_Test\Debug\Obj\stm32f10x_can.o
#        C:\Users\one\Desktop\智能家具\STM32\STM32F10X_Test\Debug\Obj\stm32f10x_cec.o
#        C:\Users\one\Desktop\智能家具\STM32\STM32F10X_Test\Debug\Obj\stm32f10x_crc.o
#        C:\Users\one\Desktop\智能家具\STM32\STM32F10X_Test\Debug\Obj\stm32f10x_dac.o
#        C:\Users\one\Desktop\智能家具\STM32\STM32F10X_Test\Debug\Obj\stm32f10x_dbgmcu.o
#        C:\Users\one\Desktop\智能家具\STM32\STM32F10X_Test\Debug\Obj\stm32f10x_dma.o
#        C:\Users\one\Desktop\智能家具\STM32\STM32F10X_Test\Debug\Obj\stm32f10x_exti.o
#        C:\Users\one\Desktop\智能家具\STM32\STM32F10X_Test\Debug\Obj\stm32f10x_flash.o
#        C:\Users\one\Desktop\智能家具\STM32\STM32F10X_Test\Debug\Obj\stm32f10x_fsmc.o
#        C:\Users\one\Desktop\智能家具\STM32\STM32F10X_Test\Debug\Obj\stm32f10x_gpio.o
#        C:\Users\one\Desktop\智能家具\STM32\STM32F10X_Test\Debug\Obj\stm32f10x_i2c.o
#        C:\Users\one\Desktop\智能家具\STM32\STM32F10X_Test\Debug\Obj\stm32f10x_it.o
#        C:\Users\one\Desktop\智能家具\STM32\STM32F10X_Test\Debug\Obj\stm32f10x_iwdg.o
#        C:\Users\one\Desktop\智能家具\STM32\STM32F10X_Test\Debug\Obj\stm32f10x_pwr.o
#        C:\Users\one\Desktop\智能家具\STM32\STM32F10X_Test\Debug\Obj\stm32f10x_rcc.o
#        C:\Users\one\Desktop\智能家具\STM32\STM32F10X_Test\Debug\Obj\stm32f10x_rtc.o
#        C:\Users\one\Desktop\智能家具\STM32\STM32F10X_Test\Debug\Obj\stm32f10x_sdio.o
#        C:\Users\one\Desktop\智能家具\STM32\STM32F10X_Test\Debug\Obj\stm32f10x_spi.o
#        C:\Users\one\Desktop\智能家具\STM32\STM32F10X_Test\Debug\Obj\stm32f10x_tim.o
#        C:\Users\one\Desktop\智能家具\STM32\STM32F10X_Test\Debug\Obj\stm32f10x_usart.o
#        C:\Users\one\Desktop\智能家具\STM32\STM32F10X_Test\Debug\Obj\stm32f10x_wwdg.o
#        C:\Users\one\Desktop\智能家具\STM32\STM32F10X_Test\Debug\Obj\system_stm32f10x.o
#        C:\Users\one\Desktop\智能家具\STM32\STM32F10X_Test\Debug\Obj\timer.o
#        C:\Users\one\Desktop\智能家具\STM32\STM32F10X_Test\Debug\Obj\usart.o
#        -o
#        C:\Users\one\Desktop\智能家具\STM32\STM32F10X_Test\Debug\Exe\STM32F10X_Template.out
#        --map
#        C:\Users\one\Desktop\智能家具\STM32\STM32F10X_Test\Debug\List\STM32F10X_Template.map
#        --config "C:\Program Files (x86)\IAR Systems\Embedded Workbench
#        8.0\arm\config\linker\ST\stm32f103x8.icf" --semihosting --entry
#        __iar_program_start --vfe --text_out locale)
#
###############################################################################

*******************************************************************************
*** RUNTIME MODEL ATTRIBUTES
***

CppFlavor       = *
__SystemLibrary = DLib
__dlib_version  = 6


*******************************************************************************
*** HEAP SELECTION
***

The basic heap was selected because no calls to memory allocation
functions were found in the application outside of system library
functions, and there are calls to deallocation functions in the
application.


*******************************************************************************
*** PLACEMENT SUMMARY
***

"A0":  place at 0x08000000 { ro section .intvec };
"P1":  place in [from 0x08000000 to 0x0800ffff] { ro };
define block CSTACK with size = 2K, alignment = 8 { };
define block HEAP with size = 2K, alignment = 8 { };
"P2":  place in [from 0x20000000 to 0x20004fff] {
          rw, block CSTACK, block HEAP };
initialize by copy { rw };

  Section            Kind        Address    Size  Object
  -------            ----        -------    ----  ------
"A0":                                       0xec
  .intvec            ro code  0x08000000    0xec  startup_stm32f10x_md.o [1]
                            - 0x080000ec    0xec

"P1":                                     0x23c4
  .text              ro code  0x080000ec   0xdd6  xprintffull_nomb.o [3]
  .text              ro code  0x08000ec2     0xa  xsprout.o [3]
  .text              ro code  0x08000ecc    0x16  strchr.o [5]
  .text              ro code  0x08000ee4    0x44  xfail_s.o [3]
  .text              ro code  0x08000f28    0x36  strlen.o [5]
  .text              ro code  0x08000f60    0x58  memchr.o [5]
  .text              ro code  0x08000fb8    0xee  I64DivMod.o [5]
  .text              ro code  0x080010a8   0x1a2  DblMul.o [4]
  .text              ro code  0x0800124c    0xa6  ABImemcpy.o [5]
  .text              ro code  0x080012f4    0x70  frexp.o [4]
  .text              ro code  0x08001364    0x2e  DblCmpLe.o [4]
  .text              ro code  0x08001394    0x2e  DblCmpGe.o [4]
  .text              ro code  0x080013c4   0x13a  ldexp.o [4]
  .text              ro code  0x08001500    0x3a  DblToS32.o [4]
  .text              ro code  0x0800153c    0x22  S32ToDbl.o [4]
  .text              ro code  0x08001560    0xe2  DblSub.o [4]
  .text              ro code  0x08001644   0x246  DblDiv.o [4]
  .text              ro code  0x0800188c    0x28  DblToU32.o [4]
  .text              ro code  0x080018b4    0x1a  U32ToDbl.o [4]
  .text              ro code  0x080018ce     0x6  abort.o [3]
  .text              ro code  0x080018d4     0x2  I64DivZer.o [5]
  .text              ro code  0x080018d8   0x178  DblAdd.o [4]
  .text              ro code  0x08001a50    0x14  exit.o [6]
  .text              ro code  0x08001a64   0x158  system_stm32f10x.o [1]
  .text              ro code  0x08001bbc   0x154  dht11.o [1]
  .text              ro code  0x08001d10    0xf4  stm32f10x_rcc.o [1]
  .text              ro code  0x08001e04    0xe4  stm32f10x_gpio.o [1]
  .text              ro code  0x08001ee8    0xb8  timer.o [1]
  .text              ro code  0x08001fa0    0xfc  stm32f10x_usart.o [1]
  .text              ro code  0x0800209c    0xf0  main.o [1]
  .text              ro code  0x0800218c    0xec  usart.o [1]
  .text              ro code  0x08002278    0x2c  mq7.o [1]
  .text              ro code  0x080022a4    0x38  vsprintf.o [3]
  .text              ro code  0x080022dc    0x2c  copy_init3.o [5]
  .text              ro code  0x08002308    0x28  data_init.o [5]
  .iar.init_table    const    0x08002330    0x14  - Linker created -
  .rodata            const    0x08002344    0x20  main.o [1]
  Initializer bytes  const    0x08002364    0x20  <for P2-1>
  .text              ro code  0x08002384    0x1a  cmain.o [5]
  .text              ro code  0x0800239e     0x4  low_level_init.o [3]
  .text              ro code  0x080023a2     0x4  exit.o [3]
  .text              ro code  0x080023a8     0xa  cexit.o [5]
  .text              ro code  0x080023b4    0x10  startup_stm32f10x_md.o [1]
  .text              ro code  0x080023c4    0x10  stm32f10x_it.o [1]
  .text              ro code  0x080023d4     0xc  cstartup_M.o [5]
  .text              ro code  0x080023e0     0x4  startup_stm32f10x_md.o [1]
  .text              ro code  0x080023e4     0x4  startup_stm32f10x_md.o [1]
  .text              ro code  0x080023e8     0x4  startup_stm32f10x_md.o [1]
  .text              ro code  0x080023ec     0x4  startup_stm32f10x_md.o [1]
  .text              ro code  0x080023f0     0x4  startup_stm32f10x_md.o [1]
  .text              ro code  0x080023f4     0x4  startup_stm32f10x_md.o [1]
  .text              ro code  0x080023f8     0x4  startup_stm32f10x_md.o [1]
  .text              ro code  0x080023fc     0x4  startup_stm32f10x_md.o [1]
  .text              ro code  0x08002400     0x4  startup_stm32f10x_md.o [1]
  .text              ro code  0x08002404     0x4  startup_stm32f10x_md.o [1]
  .text              ro code  0x08002408     0x4  startup_stm32f10x_md.o [1]
  .text              ro code  0x0800240c     0x4  startup_stm32f10x_md.o [1]
  .text              ro code  0x08002410     0x4  startup_stm32f10x_md.o [1]
  .text              ro code  0x08002414     0x4  startup_stm32f10x_md.o [1]
  .text              ro code  0x08002418     0x4  startup_stm32f10x_md.o [1]
  .text              ro code  0x0800241c     0x4  startup_stm32f10x_md.o [1]
  .text              ro code  0x08002420     0x4  startup_stm32f10x_md.o [1]
  .text              ro code  0x08002424     0x4  startup_stm32f10x_md.o [1]
  .text              ro code  0x08002428     0x4  startup_stm32f10x_md.o [1]
  .text              ro code  0x0800242c     0x4  startup_stm32f10x_md.o [1]
  .text              ro code  0x08002430     0x4  startup_stm32f10x_md.o [1]
  .text              ro code  0x08002434     0x4  startup_stm32f10x_md.o [1]
  .text              ro code  0x08002438     0x4  startup_stm32f10x_md.o [1]
  .text              ro code  0x0800243c     0x4  startup_stm32f10x_md.o [1]
  .text              ro code  0x08002440     0x4  startup_stm32f10x_md.o [1]
  .text              ro code  0x08002444     0x4  startup_stm32f10x_md.o [1]
  .text              ro code  0x08002448     0x4  startup_stm32f10x_md.o [1]
  .text              ro code  0x0800244c     0x4  startup_stm32f10x_md.o [1]
  .text              ro code  0x08002450     0x4  startup_stm32f10x_md.o [1]
  .text              ro code  0x08002454     0x4  startup_stm32f10x_md.o [1]
  .text              ro code  0x08002458     0x4  startup_stm32f10x_md.o [1]
  .text              ro code  0x0800245c     0x4  startup_stm32f10x_md.o [1]
  .text              ro code  0x08002460     0x4  startup_stm32f10x_md.o [1]
  .text              ro code  0x08002464     0x4  startup_stm32f10x_md.o [1]
  .text              ro code  0x08002468     0x4  startup_stm32f10x_md.o [1]
  .text              ro code  0x0800246c     0x4  startup_stm32f10x_md.o [1]
  .text              ro code  0x08002470     0x4  startup_stm32f10x_md.o [1]
  .text              ro code  0x08002474     0x4  startup_stm32f10x_md.o [1]
  .text              ro code  0x08002478     0x4  startup_stm32f10x_md.o [1]
  .text              ro code  0x0800247c     0x4  startup_stm32f10x_md.o [1]
  .text              ro code  0x08002480     0x4  startup_stm32f10x_md.o [1]
  .text              ro code  0x08002484     0x4  startup_stm32f10x_md.o [1]
  .text              ro code  0x08002488     0x4  startup_stm32f10x_md.o [1]
  .text              ro code  0x0800248c     0x4  startup_stm32f10x_md.o [1]
  .text              ro code  0x08002490     0x4  startup_stm32f10x_md.o [1]
  .text              ro code  0x08002494     0x4  startup_stm32f10x_md.o [1]
  .text              ro code  0x08002498     0x4  startup_stm32f10x_md.o [1]
  .text              ro code  0x0800249c     0x4  startup_stm32f10x_md.o [1]
  .text              ro code  0x080024a0     0x4  startup_stm32f10x_md.o [1]
  .text              ro code  0x080024a4     0x4  startup_stm32f10x_md.o [1]
  .text              ro code  0x080024a8     0x4  startup_stm32f10x_md.o [1]
  .text              ro code  0x080024ac     0x4  startup_stm32f10x_md.o [1]
  .rodata            const    0x080024b0     0x0  copy_init3.o [5]
                            - 0x080024b0  0x23c4

"P2", part 1 of 2:                          0x20
  P2-1                        0x20000000    0x20  <Init block>
    .data            inited   0x20000000    0x10  stm32f10x_rcc.o [1]
    .data            inited   0x20000010     0x4  stm32f10x_rcc.o [1]
    .data            inited   0x20000014     0x4  system_stm32f10x.o [1]
    .bss             inited   0x20000018     0x4  timer.o [1]
    .bss             inited   0x2000001c     0x4  xfail_s.o [3]
                            - 0x20000020    0x20

"P2", part 2 of 2:                         0x800
  CSTACK                      0x20000020   0x800  <Block>
    CSTACK           uninit   0x20000020   0x800  <Block tail>
                            - 0x20000820   0x800


*******************************************************************************
*** INIT TABLE
***

          Address     Size
          -------     ----
Copy (__iar_copy_init3)
    1 source range, total size 0x20:
          0x08002364  0x20
    1 destination range, total size 0x20:
          0x20000000  0x20



*******************************************************************************
*** MODULE SUMMARY
***

    Module                  ro code  ro data  rw data
    ------                  -------  -------  -------
C:\Users\one\Desktop\智能家具\STM32\STM32F10X_Test\Debug\Obj: [1]
    dht11.o                     340
    main.o                      240       32
    mq7.o                        44
    startup_stm32f10x_md.o      460
    stm32f10x_gpio.o            228
    stm32f10x_it.o               16
    stm32f10x_rcc.o             244       20       20
    stm32f10x_usart.o           252
    system_stm32f10x.o          344        4        4
    timer.o                     184        4        4
    usart.o                     236
    -------------------------------------------------
    Total:                    2 588       60       28

command line: [2]
    -------------------------------------------------
    Total:

dl7M_tln.a: [3]
    abort.o                       6
    exit.o                        4
    low_level_init.o              4
    vsprintf.o                   56
    xfail_s.o                    68        4        4
    xprintffull_nomb.o        3 542
    xsprout.o                    10
    -------------------------------------------------
    Total:                    3 690        4        4

m7M_tl.a: [4]
    DblAdd.o                    376
    DblCmpGe.o                   46
    DblCmpLe.o                   46
    DblDiv.o                    582
    DblMul.o                    418
    DblSub.o                    226
    DblToS32.o                   58
    DblToU32.o                   40
    S32ToDbl.o                   34
    U32ToDbl.o                   26
    frexp.o                     112
    ldexp.o                     314
    -------------------------------------------------
    Total:                    2 278

rt7M_tl.a: [5]
    ABImemcpy.o                 166
    I64DivMod.o                 238
    I64DivZer.o                   2
    cexit.o                      10
    cmain.o                      26
    copy_init3.o                 44
    cstartup_M.o                 12
    data_init.o                  40
    memchr.o                     88
    strchr.o                     22
    strlen.o                     54
    -------------------------------------------------
    Total:                      702

shb_l.a: [6]
    exit.o                       20
    -------------------------------------------------
    Total:                       20

    Gaps                         30
    Linker created                        20    2 048
-----------------------------------------------------
    Grand Total:              9 308       84    2 080


*******************************************************************************
*** ENTRY LIST
***

Entry                      Address   Size  Type      Object
-----                      -------   ----  ----      ------
.iar.init_table$$Base   0x08002330          --   Gb  - Linker created -
.iar.init_table$$Limit  0x08002344          --   Gb  - Linker created -
?main                   0x08002385         Code  Gb  cmain.o [5]
ADCPrescTable           0x20000010    0x4  Data  Lc  stm32f10x_rcc.o [1]
APBAHBPrescTable        0x20000000   0x10  Data  Lc  stm32f10x_rcc.o [1]
BusFault_Handler        0x080023cb    0x2  Code  Gb  stm32f10x_it.o [1]
CSTACK$$Base            0x20000020          --   Gb  - Linker created -
CSTACK$$Limit           0x20000820          --   Gb  - Linker created -
DebugMon_Handler        0x080023d1    0x2  Code  Gb  stm32f10x_it.o [1]
GPIO_Init               0x08001e05   0xc4  Code  Gb  stm32f10x_gpio.o [1]
GPIO_ReadInputDataBit   0x08001ec9   0x14  Code  Gb  stm32f10x_gpio.o [1]
GPIO_ResetBits          0x08001ee3    0x6  Code  Gb  stm32f10x_gpio.o [1]
GPIO_SetBits            0x08001edd    0x6  Code  Gb  stm32f10x_gpio.o [1]
HardFault_Handler       0x080023c7    0x2  Code  Gb  stm32f10x_it.o [1]
LED_Init                0x0800209d   0x28  Code  Gb  main.o [1]
LoadInt                 0x0800028b   0x7a  Code  Lc  xprintffull_nomb.o [3]
MemManage_Handler       0x080023c9    0x2  Code  Gb  stm32f10x_it.o [1]
NMI_Handler             0x080023c5    0x2  Code  Gb  stm32f10x_it.o [1]
NVIC_SetPriority        0x08001ee9   0x22  Code  Lc  timer.o [1]
PendSV_Handler          0x080023d3    0x2  Code  Gb  stm32f10x_it.o [1]
RCC_APB2PeriphClockCmd  0x08001dcb   0x20  Code  Gb  stm32f10x_rcc.o [1]
RCC_GetClocksFreq       0x08001d11   0xba  Code  Gb  stm32f10x_rcc.o [1]
Region$$Table$$Base     0x08002330          --   Gb  - Linker created -
Region$$Table$$Limit    0x08002344          --   Gb  - Linker created -
SVC_Handler             0x080023cf    0x2  Code  Gb  stm32f10x_it.o [1]
SetSysClock             0x08001ab9    0x8  Code  Lc  system_stm32f10x.o [1]
SetSysClockTo72         0x08001ac1   0xe0  Code  Lc  system_stm32f10x.o [1]
SysTick_Config          0x08001f0b   0x2e  Code  Lc  timer.o [1]
SysTick_Handler         0x08001f63    0x8  Code  Gb  timer.o [1]
SystemCoreClock         0x20000014    0x4  Data  Gb  system_stm32f10x.o [1]
SystemInit              0x08001a65   0x54  Code  Gb  system_stm32f10x.o [1]
USART_Cmd               0x08002061   0x1c  Code  Gb  stm32f10x_usart.o [1]
USART_GetFlagStatus     0x08002085   0x18  Code  Gb  stm32f10x_usart.o [1]
USART_Init              0x08001fa1   0xba  Code  Gb  stm32f10x_usart.o [1]
USART_SendData          0x0800207d    0x8  Code  Gb  stm32f10x_usart.o [1]
UsageFault_Handler      0x080023cd    0x2  Code  Gb  stm32f10x_it.o [1]
_GenldFullNoMb          0x08000bef  0x248  Code  Lc  xprintffull_nomb.o [3]
_LdtobFullNoMb          0x080007d3  0x3f0  Code  Lc  xprintffull_nomb.o [3]
_LitobFullNoMb          0x08000677  0x116  Code  Lc  xprintffull_nomb.o [3]
_PrintfFullNoMb         0x080000ed  0x190  Code  Gb  xprintffull_nomb.o [3]
_PutcharsFullNoMb       0x08000e37   0x2e  Code  Lc  xprintffull_nomb.o [3]
_PutfldFullNoMb         0x08000305  0x264  Code  Lc  xprintffull_nomb.o [3]
_PuttxtFullNoMb         0x08000569  0x10e  Code  Lc  xprintffull_nomb.o [3]
_SProut                 0x08000ec3    0xa  Code  Gb  xsprout.o [3]
__aeabi_cdcmple         0x08001365         Code  Gb  DblCmpLe.o [4]
__aeabi_cdrcmple        0x08001395         Code  Gb  DblCmpGe.o [4]
__aeabi_d2iz            0x08001501         Code  Gb  DblToS32.o [4]
__aeabi_d2uiz           0x0800188d         Code  Gb  DblToU32.o [4]
__aeabi_dadd            0x080018d9         Code  Gb  DblAdd.o [4]
__aeabi_ddiv            0x08001645         Code  Gb  DblDiv.o [4]
__aeabi_dmul            0x080010a9         Code  Gb  DblMul.o [4]
__aeabi_dsub            0x08001561         Code  Gb  DblSub.o [4]
__aeabi_i2d             0x0800153d         Code  Gb  S32ToDbl.o [4]
__aeabi_ldiv0           0x080018d5         Code  Gb  I64DivZer.o [5]
__aeabi_memcpy          0x0800124d         Code  Gb  ABImemcpy.o [5]
__aeabi_memcpy4         0x0800126d         Code  Gb  ABImemcpy.o [5]
__aeabi_memcpy8         0x0800126d         Code  Gb  ABImemcpy.o [5]
__aeabi_ui2d            0x080018b5         Code  Gb  U32ToDbl.o [4]
__aeabi_uldivmod        0x08000fb9         Code  Gb  I64DivMod.o [5]
__cmain                 0x08002385         Code  Gb  cmain.o [5]
__exit                  0x08001a51   0x14  Code  Gb  exit.o [6]
__iar_Fail_s            0x08000ee5   0x1e  Code  Gb  xfail_s.o [3]
__iar_Memchr            0x08000f61         Code  Gb  memchr.o [5]
__iar_Strchr            0x08000ecd         Code  Gb  strchr.o [5]
__iar_copy_init3        0x080022dd   0x2c  Code  Gb  copy_init3.o [5]
__iar_dadd              0x08001571         Code  Gb  DblSub.o [4]
__iar_data_init3        0x08002309   0x28  Code  Gb  data_init.o [5]
__iar_dsub              0x080018e9         Code  Gb  DblAdd.o [4]
__iar_dsubStart         0x080018fb         Code  Gb  DblAdd.o [4]
__iar_frexp             0x08001301         Code  Gb  frexp.o [4]
__iar_frexp64           0x080012f5         Code  Gb  frexp.o [4]
__iar_frexpl            0x08001301         Code  Gb  frexp.o [4]
__iar_ldexp64           0x080013c5         Code  Gb  ldexp.o [4]
__iar_program_start     0x080023d5         Code  Gb  cstartup_M.o [5]
__iar_scalbln64         0x080013c5         Code  Gb  ldexp.o [4]
__iar_scalbn64          0x080013c5         Code  Gb  ldexp.o [4]
__iar_systems$$module {Abs}
                        0x00000001         Data  Gb  command line/config [2]
__low_level_init        0x0800239f    0x4  Code  Gb  low_level_init.o [3]
__vector_table          0x08000000         Data  Gb  startup_stm32f10x_md.o [1]
_call_main              0x08002391         Code  Gb  cmain.o [5]
_exit                   0x080023a9         Code  Gb  cexit.o [5]
_main                   0x0800239b         Code  Gb  cmain.o [5]
abort                   0x080018cf    0x6  Code  Gb  abort.o [3]
delay_us                0x08001f6b   0x14  Code  Gb  timer.o [1]
dht11_gpio_input        0x08001bbd   0x28  Code  Gb  dht11.o [1]
dht11_gpio_output       0x08001be5   0x28  Code  Gb  dht11.o [1]
dht11_read_bit          0x08001c4b   0x3a  Code  Gb  dht11.o [1]
dht11_read_byte         0x08001c85   0x1e  Code  Gb  dht11.o [1]
dht11_read_data         0x08001ca3   0x6a  Code  Gb  dht11.o [1]
dht11_reset             0x08001c0d   0x2e  Code  Gb  dht11.o [1]
dht11_scan              0x08001c3b   0x10  Code  Gb  dht11.o [1]
exit                    0x080023a3    0x4  Code  Gb  exit.o [3]
frexp                   0x080012f5         Code  Gb  frexp.o [4]
frexpl                  0x080012f5         Code  Gb  frexp.o [4]
gTimingDelay            0x20000018    0x4  Data  Gb  timer.o [1]
ldexp                   0x080013c5         Code  Gb  ldexp.o [4]
ldexpl                  0x080013c5         Code  Gb  ldexp.o [4]
main                    0x080020c5   0xb0  Code  Gb  main.o [1]
memchr                  0x08000f61         Code  Gb  memchr.o [5]
mq7_gpio_init           0x08002279   0x28  Code  Gb  mq7.o [1]
scalbln                 0x080013c5         Code  Gb  ldexp.o [4]
scalblnl                0x080013c5         Code  Gb  ldexp.o [4]
scalbn                  0x080013c5         Code  Gb  ldexp.o [4]
scalbnl                 0x080013c5         Code  Gb  ldexp.o [4]
scale                   0x0800078d   0x46  Code  Lc  xprintffull_nomb.o [3]
sec_hand                0x2000001c    0x4  Data  Lc  xfail_s.o [3]
strchr                  0x08000ecd         Code  Gb  strchr.o [5]
strlen                  0x08000f29         Code  Gb  strlen.o [5]
systick_init            0x08001f39   0x16  Code  Gb  timer.o [1]
timing_delay_decrement  0x08001f4f   0x14  Code  Gb  timer.o [1]
usart_config            0x0800218d   0x26  Code  Gb  usart.o [1]
usart_gpio_init         0x080021b3   0x36  Code  Gb  usart.o [1]
usart_param_config      0x080021e9   0x3c  Code  Gb  usart.o [1]
usart_printf            0x0800225d   0x1c  Code  Gb  usart.o [1]
usart_send_string       0x08002225   0x2e  Code  Gb  usart.o [1]
vsprintf                0x080022a5   0x38  Code  Gb  vsprintf.o [3]


[1] = C:\Users\one\Desktop\智能家具\STM32\STM32F10X_Test\Debug\Obj
[2] = command line
[3] = dl7M_tln.a
[4] = m7M_tl.a
[5] = rt7M_tl.a
[6] = shb_l.a

  9 308 bytes of readonly  code memory
     84 bytes of readonly  data memory
  2 080 bytes of readwrite data memory

Errors: none
Warnings: none
