###############################################################################
#
# IAR ELF Linker V8.11.3.13950/W32 for ARM                17/Sep/2017  22:06:18
# Copyright 2007-2017 IAR Systems AB.
#
#    Output file  =  
#        C:\Users\one\Documents\GitHub\IoT\STM32F10X_IoT\Debug\Exe\STM32F10X_Template.out
#    Map file     =  
#        C:\Users\one\Documents\GitHub\IoT\STM32F10X_IoT\Debug\List\STM32F10X_Template.map
#    Command line =  
#        -f C:\Users\one\AppData\Local\Temp\EWC992.tmp
#        (C:\Users\one\Documents\GitHub\IoT\STM32F10X_IoT\Debug\Obj\dht11.o
#        C:\Users\one\Documents\GitHub\IoT\STM32F10X_IoT\Debug\Obj\main.o
#        C:\Users\one\Documents\GitHub\IoT\STM32F10X_IoT\Debug\Obj\misc.o
#        C:\Users\one\Documents\GitHub\IoT\STM32F10X_IoT\Debug\Obj\mq7.o
#        C:\Users\one\Documents\GitHub\IoT\STM32F10X_IoT\Debug\Obj\standby.o
#        C:\Users\one\Documents\GitHub\IoT\STM32F10X_IoT\Debug\Obj\startup_stm32f10x_md.o
#        C:\Users\one\Documents\GitHub\IoT\STM32F10X_IoT\Debug\Obj\stm32f10x_adc.o
#        C:\Users\one\Documents\GitHub\IoT\STM32F10X_IoT\Debug\Obj\stm32f10x_bkp.o
#        C:\Users\one\Documents\GitHub\IoT\STM32F10X_IoT\Debug\Obj\stm32f10x_can.o
#        C:\Users\one\Documents\GitHub\IoT\STM32F10X_IoT\Debug\Obj\stm32f10x_cec.o
#        C:\Users\one\Documents\GitHub\IoT\STM32F10X_IoT\Debug\Obj\stm32f10x_crc.o
#        C:\Users\one\Documents\GitHub\IoT\STM32F10X_IoT\Debug\Obj\stm32f10x_dac.o
#        C:\Users\one\Documents\GitHub\IoT\STM32F10X_IoT\Debug\Obj\stm32f10x_dbgmcu.o
#        C:\Users\one\Documents\GitHub\IoT\STM32F10X_IoT\Debug\Obj\stm32f10x_dma.o
#        C:\Users\one\Documents\GitHub\IoT\STM32F10X_IoT\Debug\Obj\stm32f10x_exti.o
#        C:\Users\one\Documents\GitHub\IoT\STM32F10X_IoT\Debug\Obj\stm32f10x_flash.o
#        C:\Users\one\Documents\GitHub\IoT\STM32F10X_IoT\Debug\Obj\stm32f10x_fsmc.o
#        C:\Users\one\Documents\GitHub\IoT\STM32F10X_IoT\Debug\Obj\stm32f10x_gpio.o
#        C:\Users\one\Documents\GitHub\IoT\STM32F10X_IoT\Debug\Obj\stm32f10x_i2c.o
#        C:\Users\one\Documents\GitHub\IoT\STM32F10X_IoT\Debug\Obj\stm32f10x_it.o
#        C:\Users\one\Documents\GitHub\IoT\STM32F10X_IoT\Debug\Obj\stm32f10x_iwdg.o
#        C:\Users\one\Documents\GitHub\IoT\STM32F10X_IoT\Debug\Obj\stm32f10x_pwr.o
#        C:\Users\one\Documents\GitHub\IoT\STM32F10X_IoT\Debug\Obj\stm32f10x_rcc.o
#        C:\Users\one\Documents\GitHub\IoT\STM32F10X_IoT\Debug\Obj\stm32f10x_rtc.o
#        C:\Users\one\Documents\GitHub\IoT\STM32F10X_IoT\Debug\Obj\stm32f10x_sdio.o
#        C:\Users\one\Documents\GitHub\IoT\STM32F10X_IoT\Debug\Obj\stm32f10x_spi.o
#        C:\Users\one\Documents\GitHub\IoT\STM32F10X_IoT\Debug\Obj\stm32f10x_tim.o
#        C:\Users\one\Documents\GitHub\IoT\STM32F10X_IoT\Debug\Obj\stm32f10x_usart.o
#        C:\Users\one\Documents\GitHub\IoT\STM32F10X_IoT\Debug\Obj\stm32f10x_wwdg.o
#        C:\Users\one\Documents\GitHub\IoT\STM32F10X_IoT\Debug\Obj\system_stm32f10x.o
#        C:\Users\one\Documents\GitHub\IoT\STM32F10X_IoT\Debug\Obj\timer.o
#        C:\Users\one\Documents\GitHub\IoT\STM32F10X_IoT\Debug\Obj\usart.o -o
#        C:\Users\one\Documents\GitHub\IoT\STM32F10X_IoT\Debug\Exe\STM32F10X_Template.out
#        --map
#        C:\Users\one\Documents\GitHub\IoT\STM32F10X_IoT\Debug\List\STM32F10X_Template.map
#        --config "C:\Program Files (x86)\IAR Systems\Embedded Workbench
#        8.0\arm\config\linker\ST\stm32f103x8.icf" --semihosting --entry
#        __iar_program_start --vfe --text_out locale)
#
###############################################################################

*******************************************************************************
*** RUNTIME MODEL ATTRIBUTES
***

CppFlavor       = *
__SystemLibrary = DLib
__dlib_version  = 6


*******************************************************************************
*** HEAP SELECTION
***

The basic heap was selected because no calls to memory allocation
functions were found in the application outside of system library
functions, and there are calls to deallocation functions in the
application.


*******************************************************************************
*** PLACEMENT SUMMARY
***

"A0":  place at 0x08000000 { ro section .intvec };
"P1":  place in [from 0x08000000 to 0x0800ffff] { ro };
define block CSTACK with size = 2K, alignment = 8 { };
define block HEAP with size = 2K, alignment = 8 { };
"P2":  place in [from 0x20000000 to 0x20004fff] {
          rw, block CSTACK, block HEAP };
initialize by copy { rw };

  Section            Kind        Address    Size  Object
  -------            ----        -------    ----  ------
"A0":                                       0xec
  .intvec            ro code  0x08000000    0xec  startup_stm32f10x_md.o [1]
                            - 0x080000ec    0xec

"P1":                                     0x284c
  .text              ro code  0x080000ec   0xdd6  xprintffull_nomb.o [3]
  .text              ro code  0x08000ec2     0xa  xsprout.o [3]
  .text              ro code  0x08000ecc    0x16  strchr.o [5]
  .text              ro code  0x08000ee4    0x44  xfail_s.o [3]
  .text              ro code  0x08000f28    0x36  strlen.o [5]
  .text              ro code  0x08000f60    0x58  memchr.o [5]
  .text              ro code  0x08000fb8    0xee  I64DivMod.o [5]
  .text              ro code  0x080010a8   0x1a2  DblMul.o [4]
  .text              ro code  0x0800124c    0xa6  ABImemcpy.o [5]
  .text              ro code  0x080012f4    0x70  frexp.o [4]
  .text              ro code  0x08001364    0x2e  DblCmpLe.o [4]
  .text              ro code  0x08001394    0x2e  DblCmpGe.o [4]
  .text              ro code  0x080013c4   0x13a  ldexp.o [4]
  .text              ro code  0x08001500    0x3a  DblToS32.o [4]
  .text              ro code  0x0800153c    0x22  S32ToDbl.o [4]
  .text              ro code  0x08001560    0xe2  DblSub.o [4]
  .text              ro code  0x08001644   0x246  DblDiv.o [4]
  .text              ro code  0x0800188c    0x28  DblToU32.o [4]
  .text              ro code  0x080018b4    0x1a  U32ToDbl.o [4]
  .text              ro code  0x080018ce     0x6  abort.o [3]
  .text              ro code  0x080018d4     0x2  I64DivZer.o [5]
  .text              ro code  0x080018d8   0x178  DblAdd.o [4]
  .text              ro code  0x08001a50    0x14  exit.o [6]
  .text              ro code  0x08001a64   0x190  stm32f10x_rcc.o [1]
  .text              ro code  0x08001bf4   0x158  system_stm32f10x.o [1]
  .text              ro code  0x08001d4c   0x154  dht11.o [1]
  .text              ro code  0x08001ea0    0xe4  stm32f10x_gpio.o [1]
  .text              ro code  0x08001f84    0xb8  timer.o [1]
  .text              ro code  0x0800203c   0x13c  standby.o [1]
  .text              ro code  0x08002178    0x80  misc.o [1]
  .text              ro code  0x080021f8    0xa0  stm32f10x_exti.o [1]
  .text              ro code  0x08002298    0x64  stm32f10x_pwr.o [1]
  .text              ro code  0x080022fc    0x24  stm32f10x_bkp.o [1]
  .text              ro code  0x08002320   0x118  stm32f10x_rtc.o [1]
  .text              ro code  0x08002438    0xec  usart.o [1]
  .text              ro code  0x08002524    0xfc  stm32f10x_usart.o [1]
  .text              ro code  0x08002620    0x38  vsprintf.o [3]
  .text              ro code  0x08002658    0xe4  main.o [1]
  .rodata            const    0x0800273c    0x30  main.o [1]
  .text              ro code  0x0800276c    0x2c  copy_init3.o [5]
  .text              ro code  0x08002798    0x28  data_init.o [5]
  .iar.init_table    const    0x080027c0    0x14  - Linker created -
  Initializer bytes  const    0x080027d4    0x20  <for P2-1>
  .text              ro code  0x080027f4    0x1a  cmain.o [5]
  .text              ro code  0x0800280e     0x4  low_level_init.o [3]
  .text              ro code  0x08002812     0x4  exit.o [3]
  .text              ro code  0x08002818     0xa  cexit.o [5]
  .text              ro code  0x08002824    0x10  startup_stm32f10x_md.o [1]
  .text              ro code  0x08002834    0x10  stm32f10x_it.o [1]
  .rodata            const    0x08002844     0xc  standby.o [1]
  .rodata            const    0x08002850     0xc  standby.o [1]
  .text              ro code  0x0800285c     0xc  cstartup_M.o [5]
  .text              ro code  0x08002868     0x4  startup_stm32f10x_md.o [1]
  .text              ro code  0x0800286c     0x4  startup_stm32f10x_md.o [1]
  .text              ro code  0x08002870     0x4  startup_stm32f10x_md.o [1]
  .text              ro code  0x08002874     0x4  startup_stm32f10x_md.o [1]
  .text              ro code  0x08002878     0x4  startup_stm32f10x_md.o [1]
  .text              ro code  0x0800287c     0x4  startup_stm32f10x_md.o [1]
  .text              ro code  0x08002880     0x4  startup_stm32f10x_md.o [1]
  .text              ro code  0x08002884     0x4  startup_stm32f10x_md.o [1]
  .text              ro code  0x08002888     0x4  startup_stm32f10x_md.o [1]
  .text              ro code  0x0800288c     0x4  startup_stm32f10x_md.o [1]
  .text              ro code  0x08002890     0x4  startup_stm32f10x_md.o [1]
  .text              ro code  0x08002894     0x4  startup_stm32f10x_md.o [1]
  .text              ro code  0x08002898     0x4  startup_stm32f10x_md.o [1]
  .text              ro code  0x0800289c     0x4  startup_stm32f10x_md.o [1]
  .text              ro code  0x080028a0     0x4  startup_stm32f10x_md.o [1]
  .text              ro code  0x080028a4     0x4  startup_stm32f10x_md.o [1]
  .text              ro code  0x080028a8     0x4  startup_stm32f10x_md.o [1]
  .text              ro code  0x080028ac     0x4  startup_stm32f10x_md.o [1]
  .text              ro code  0x080028b0     0x4  startup_stm32f10x_md.o [1]
  .text              ro code  0x080028b4     0x4  startup_stm32f10x_md.o [1]
  .text              ro code  0x080028b8     0x4  startup_stm32f10x_md.o [1]
  .text              ro code  0x080028bc     0x4  startup_stm32f10x_md.o [1]
  .text              ro code  0x080028c0     0x4  startup_stm32f10x_md.o [1]
  .text              ro code  0x080028c4     0x4  startup_stm32f10x_md.o [1]
  .text              ro code  0x080028c8     0x4  startup_stm32f10x_md.o [1]
  .text              ro code  0x080028cc     0x4  startup_stm32f10x_md.o [1]
  .text              ro code  0x080028d0     0x4  startup_stm32f10x_md.o [1]
  .text              ro code  0x080028d4     0x4  startup_stm32f10x_md.o [1]
  .text              ro code  0x080028d8     0x4  startup_stm32f10x_md.o [1]
  .text              ro code  0x080028dc     0x4  startup_stm32f10x_md.o [1]
  .text              ro code  0x080028e0     0x4  startup_stm32f10x_md.o [1]
  .text              ro code  0x080028e4     0x4  startup_stm32f10x_md.o [1]
  .text              ro code  0x080028e8     0x4  startup_stm32f10x_md.o [1]
  .text              ro code  0x080028ec     0x4  startup_stm32f10x_md.o [1]
  .text              ro code  0x080028f0     0x4  startup_stm32f10x_md.o [1]
  .text              ro code  0x080028f4     0x4  startup_stm32f10x_md.o [1]
  .text              ro code  0x080028f8     0x4  startup_stm32f10x_md.o [1]
  .text              ro code  0x080028fc     0x4  startup_stm32f10x_md.o [1]
  .text              ro code  0x08002900     0x4  startup_stm32f10x_md.o [1]
  .text              ro code  0x08002904     0x4  startup_stm32f10x_md.o [1]
  .text              ro code  0x08002908     0x4  startup_stm32f10x_md.o [1]
  .text              ro code  0x0800290c     0x4  startup_stm32f10x_md.o [1]
  .text              ro code  0x08002910     0x4  startup_stm32f10x_md.o [1]
  .text              ro code  0x08002914     0x4  startup_stm32f10x_md.o [1]
  .text              ro code  0x08002918     0x4  startup_stm32f10x_md.o [1]
  .text              ro code  0x0800291c     0x4  startup_stm32f10x_md.o [1]
  .text              ro code  0x08002920     0x4  startup_stm32f10x_md.o [1]
  .text              ro code  0x08002924     0x4  startup_stm32f10x_md.o [1]
  .text              ro code  0x08002928     0x4  startup_stm32f10x_md.o [1]
  .text              ro code  0x0800292c     0x4  startup_stm32f10x_md.o [1]
  .text              ro code  0x08002930     0x4  startup_stm32f10x_md.o [1]
  .text              ro code  0x08002934     0x4  startup_stm32f10x_md.o [1]
  .rodata            const    0x08002938     0x0  copy_init3.o [5]
                            - 0x08002938  0x284c

"P2", part 1 of 2:                          0x20
  P2-1                        0x20000000    0x20  <Init block>
    .data            inited   0x20000000    0x10  stm32f10x_rcc.o [1]
    .data            inited   0x20000010     0x4  stm32f10x_rcc.o [1]
    .data            inited   0x20000014     0x4  system_stm32f10x.o [1]
    .bss             inited   0x20000018     0x4  timer.o [1]
    .bss             inited   0x2000001c     0x4  xfail_s.o [3]
                            - 0x20000020    0x20

"P2", part 2 of 2:                         0x800
  CSTACK                      0x20000020   0x800  <Block>
    CSTACK           uninit   0x20000020   0x800  <Block tail>
                            - 0x20000820   0x800


*******************************************************************************
*** INIT TABLE
***

          Address     Size
          -------     ----
Copy (__iar_copy_init3)
    1 source range, total size 0x20:
          0x080027d4  0x20
    1 destination range, total size 0x20:
          0x20000000  0x20



*******************************************************************************
*** MODULE SUMMARY
***

    Module                  ro code  ro data  rw data
    ------                  -------  -------  -------
C:\Users\one\Documents\GitHub\IoT\STM32F10X_IoT\Debug\Obj: [1]
    dht11.o                     340
    main.o                      228       48
    misc.o                      128
    standby.o                   316       24
    startup_stm32f10x_md.o      460
    stm32f10x_bkp.o              36
    stm32f10x_exti.o            160
    stm32f10x_gpio.o            228
    stm32f10x_it.o               16
    stm32f10x_pwr.o             100
    stm32f10x_rcc.o             400       20       20
    stm32f10x_rtc.o             280
    stm32f10x_usart.o           252
    system_stm32f10x.o          344        4        4
    timer.o                     184        4        4
    usart.o                     236
    -------------------------------------------------
    Total:                    3 708      100       28

command line: [2]
    -------------------------------------------------
    Total:

dl7M_tln.a: [3]
    abort.o                       6
    exit.o                        4
    low_level_init.o              4
    vsprintf.o                   56
    xfail_s.o                    68        4        4
    xprintffull_nomb.o        3 542
    xsprout.o                    10
    -------------------------------------------------
    Total:                    3 690        4        4

m7M_tl.a: [4]
    DblAdd.o                    376
    DblCmpGe.o                   46
    DblCmpLe.o                   46
    DblDiv.o                    582
    DblMul.o                    418
    DblSub.o                    226
    DblToS32.o                   58
    DblToU32.o                   40
    S32ToDbl.o                   34
    U32ToDbl.o                   26
    frexp.o                     112
    ldexp.o                     314
    -------------------------------------------------
    Total:                    2 278

rt7M_tl.a: [5]
    ABImemcpy.o                 166
    I64DivMod.o                 238
    I64DivZer.o                   2
    cexit.o                      10
    cmain.o                      26
    copy_init3.o                 44
    cstartup_M.o                 12
    data_init.o                  40
    memchr.o                     88
    strchr.o                     22
    strlen.o                     54
    -------------------------------------------------
    Total:                      702

shb_l.a: [6]
    exit.o                       20
    -------------------------------------------------
    Total:                       20

    Gaps                         30
    Linker created                        20    2 048
-----------------------------------------------------
    Grand Total:             10 428      124    2 080


*******************************************************************************
*** ENTRY LIST
***

Entry                      Address   Size  Type      Object
-----                      -------   ----  ----      ------
.iar.init_table$$Base   0x080027c0          --   Gb  - Linker created -
.iar.init_table$$Limit  0x080027d4          --   Gb  - Linker created -
?main                   0x080027f5         Code  Gb  cmain.o [5]
ADCPrescTable           0x20000010    0x4  Data  Lc  stm32f10x_rcc.o [1]
APBAHBPrescTable        0x20000000   0x10  Data  Lc  stm32f10x_rcc.o [1]
BKP_ClearFlag           0x0800230d    0xe  Code  Gb  stm32f10x_bkp.o [1]
BKP_DeInit              0x080022fd   0x10  Code  Gb  stm32f10x_bkp.o [1]
BusFault_Handler        0x0800283b    0x2  Code  Gb  stm32f10x_it.o [1]
CSTACK$$Base            0x20000020          --   Gb  - Linker created -
CSTACK$$Limit           0x20000820          --   Gb  - Linker created -
DebugMon_Handler        0x08002841    0x2  Code  Gb  stm32f10x_it.o [1]
EXTI_ClearITPendingBit  0x0800227d    0x6  Code  Gb  stm32f10x_exti.o [1]
EXTI_Init               0x080021f9   0x84  Code  Gb  stm32f10x_exti.o [1]
GPIO_Init               0x08001ea1   0xc4  Code  Gb  stm32f10x_gpio.o [1]
GPIO_ReadInputDataBit   0x08001f65   0x14  Code  Gb  stm32f10x_gpio.o [1]
GPIO_ResetBits          0x08001f7f    0x6  Code  Gb  stm32f10x_gpio.o [1]
GPIO_SetBits            0x08001f79    0x6  Code  Gb  stm32f10x_gpio.o [1]
HardFault_Handler       0x08002837    0x2  Code  Gb  stm32f10x_it.o [1]
LED_Init                0x08002659   0x28  Code  Gb  main.o [1]
LoadInt                 0x0800028b   0x7a  Code  Lc  xprintffull_nomb.o [3]
MemManage_Handler       0x08002839    0x2  Code  Gb  stm32f10x_it.o [1]
NMI_Handler             0x08002835    0x2  Code  Gb  stm32f10x_it.o [1]
NVIC_Init               0x08002183   0x60  Code  Gb  misc.o [1]
NVIC_PriorityGroupConfig
                        0x08002179    0xa  Code  Gb  misc.o [1]
NVIC_SetPriority        0x08001f85   0x22  Code  Lc  timer.o [1]
PWR_BackupAccessCmd     0x08002299    0x8  Code  Gb  stm32f10x_pwr.o [1]
PWR_ClearFlag           0x080022dd    0xe  Code  Gb  stm32f10x_pwr.o [1]
PWR_EnterSTANDBYMode    0x080022a1   0x28  Code  Gb  stm32f10x_pwr.o [1]
PWR_GetFlagStatus       0x080022c9   0x14  Code  Gb  stm32f10x_pwr.o [1]
PendSV_Handler          0x08002843    0x2  Code  Gb  stm32f10x_it.o [1]
RCC_APB1PeriphClockCmd  0x08001b5b   0x20  Code  Gb  stm32f10x_rcc.o [1]
RCC_APB2PeriphClockCmd  0x08001b3b   0x20  Code  Gb  stm32f10x_rcc.o [1]
RCC_BackupResetCmd      0x08001b7b    0x8  Code  Gb  stm32f10x_rcc.o [1]
RCC_GetClocksFreq       0x08001a81   0xba  Code  Gb  stm32f10x_rcc.o [1]
RCC_GetFlagStatus       0x08001b83   0x3c  Code  Gb  stm32f10x_rcc.o [1]
RCC_LSICmd              0x08001a65    0x8  Code  Gb  stm32f10x_rcc.o [1]
RCC_RTCCLKCmd           0x08001a79    0x8  Code  Gb  stm32f10x_rcc.o [1]
RCC_RTCCLKConfig        0x08001a6d    0xc  Code  Gb  stm32f10x_rcc.o [1]
RTCAlarm_IRQHandler     0x0800210d   0x44  Code  Gb  standby.o [1]
RTC_ClearITPendingBit   0x08002409    0xe  Code  Gb  stm32f10x_rtc.o [1]
RTC_EnterConfigMode     0x08002341    0xe  Code  Gb  stm32f10x_rtc.o [1]
RTC_ExitConfigMode      0x0800234f   0x10  Code  Gb  stm32f10x_rtc.o [1]
RTC_GetCounter          0x0800235f   0x14  Code  Gb  stm32f10x_rtc.o [1]
RTC_GetITStatus         0x080023e7   0x22  Code  Gb  stm32f10x_rtc.o [1]
RTC_IRQHandler          0x08002151   0x1e  Code  Gb  standby.o [1]
RTC_ITConfig            0x08002321   0x20  Code  Gb  stm32f10x_rtc.o [1]
RTC_SetAlarm            0x080023ab   0x1a  Code  Gb  stm32f10x_rtc.o [1]
RTC_SetCounter          0x08002373   0x1a  Code  Gb  stm32f10x_rtc.o [1]
RTC_SetPrescaler        0x0800238d   0x1e  Code  Gb  stm32f10x_rtc.o [1]
RTC_WaitForLastTask     0x080023c5    0xa  Code  Gb  stm32f10x_rtc.o [1]
RTC_WaitForSynchro      0x080023cf   0x18  Code  Gb  stm32f10x_rtc.o [1]
Region$$Table$$Base     0x080027c0          --   Gb  - Linker created -
Region$$Table$$Limit    0x080027d4          --   Gb  - Linker created -
SVC_Handler             0x0800283f    0x2  Code  Gb  stm32f10x_it.o [1]
SetSysClock             0x08001c49    0x8  Code  Lc  system_stm32f10x.o [1]
SetSysClockTo72         0x08001c51   0xe0  Code  Lc  system_stm32f10x.o [1]
SysTick_Config          0x08001fa7   0x2e  Code  Lc  timer.o [1]
SysTick_Handler         0x08001fff    0x8  Code  Gb  timer.o [1]
SystemCoreClock         0x20000014    0x4  Data  Gb  system_stm32f10x.o [1]
SystemInit              0x08001bf5   0x54  Code  Gb  system_stm32f10x.o [1]
USART_Cmd               0x080025e5   0x1c  Code  Gb  stm32f10x_usart.o [1]
USART_GetFlagStatus     0x08002609   0x18  Code  Gb  stm32f10x_usart.o [1]
USART_Init              0x08002525   0xba  Code  Gb  stm32f10x_usart.o [1]
USART_SendData          0x08002601    0x8  Code  Gb  stm32f10x_usart.o [1]
UsageFault_Handler      0x0800283d    0x2  Code  Gb  stm32f10x_it.o [1]
_GenldFullNoMb          0x08000bef  0x248  Code  Lc  xprintffull_nomb.o [3]
_LdtobFullNoMb          0x080007d3  0x3f0  Code  Lc  xprintffull_nomb.o [3]
_LitobFullNoMb          0x08000677  0x116  Code  Lc  xprintffull_nomb.o [3]
_PrintfFullNoMb         0x080000ed  0x190  Code  Gb  xprintffull_nomb.o [3]
_PutcharsFullNoMb       0x08000e37   0x2e  Code  Lc  xprintffull_nomb.o [3]
_PutfldFullNoMb         0x08000305  0x264  Code  Lc  xprintffull_nomb.o [3]
_PuttxtFullNoMb         0x08000569  0x10e  Code  Lc  xprintffull_nomb.o [3]
_SProut                 0x08000ec3    0xa  Code  Gb  xsprout.o [3]
__aeabi_cdcmple         0x08001365         Code  Gb  DblCmpLe.o [4]
__aeabi_cdrcmple        0x08001395         Code  Gb  DblCmpGe.o [4]
__aeabi_d2iz            0x08001501         Code  Gb  DblToS32.o [4]
__aeabi_d2uiz           0x0800188d         Code  Gb  DblToU32.o [4]
__aeabi_dadd            0x080018d9         Code  Gb  DblAdd.o [4]
__aeabi_ddiv            0x08001645         Code  Gb  DblDiv.o [4]
__aeabi_dmul            0x080010a9         Code  Gb  DblMul.o [4]
__aeabi_dsub            0x08001561         Code  Gb  DblSub.o [4]
__aeabi_i2d             0x0800153d         Code  Gb  S32ToDbl.o [4]
__aeabi_ldiv0           0x080018d5         Code  Gb  I64DivZer.o [5]
__aeabi_memcpy          0x0800124d         Code  Gb  ABImemcpy.o [5]
__aeabi_memcpy4         0x0800126d         Code  Gb  ABImemcpy.o [5]
__aeabi_memcpy8         0x0800126d         Code  Gb  ABImemcpy.o [5]
__aeabi_ui2d            0x080018b5         Code  Gb  U32ToDbl.o [4]
__aeabi_uldivmod        0x08000fb9         Code  Gb  I64DivMod.o [5]
__cmain                 0x080027f5         Code  Gb  cmain.o [5]
__exit                  0x08001a51   0x14  Code  Gb  exit.o [6]
__iar_Fail_s            0x08000ee5   0x1e  Code  Gb  xfail_s.o [3]
__iar_Memchr            0x08000f61         Code  Gb  memchr.o [5]
__iar_Strchr            0x08000ecd         Code  Gb  strchr.o [5]
__iar_copy_init3        0x0800276d   0x2c  Code  Gb  copy_init3.o [5]
__iar_dadd              0x08001571         Code  Gb  DblSub.o [4]
__iar_data_init3        0x08002799   0x28  Code  Gb  data_init.o [5]
__iar_dsub              0x080018e9         Code  Gb  DblAdd.o [4]
__iar_dsubStart         0x080018fb         Code  Gb  DblAdd.o [4]
__iar_frexp             0x08001301         Code  Gb  frexp.o [4]
__iar_frexp64           0x080012f5         Code  Gb  frexp.o [4]
__iar_frexpl            0x08001301         Code  Gb  frexp.o [4]
__iar_ldexp64           0x080013c5         Code  Gb  ldexp.o [4]
__iar_program_start     0x0800285d         Code  Gb  cstartup_M.o [5]
__iar_scalbln64         0x080013c5         Code  Gb  ldexp.o [4]
__iar_scalbn64          0x080013c5         Code  Gb  ldexp.o [4]
__iar_systems$$module {Abs}
                        0x00000001         Data  Gb  command line/config [2]
__low_level_init        0x0800280f    0x4  Code  Gb  low_level_init.o [3]
__vector_table          0x08000000         Data  Gb  startup_stm32f10x_md.o [1]
_call_main              0x08002801         Code  Gb  cmain.o [5]
_exit                   0x08002819         Code  Gb  cexit.o [5]
_main                   0x0800280b         Code  Gb  cmain.o [5]
abort                   0x080018cf    0x6  Code  Gb  abort.o [3]
delay_us                0x08002007   0x14  Code  Gb  timer.o [1]
dht11_gpio_input        0x08001d4d   0x28  Code  Gb  dht11.o [1]
dht11_gpio_output       0x08001d75   0x28  Code  Gb  dht11.o [1]
dht11_read_bit          0x08001ddb   0x3a  Code  Gb  dht11.o [1]
dht11_read_byte         0x08001e15   0x1e  Code  Gb  dht11.o [1]
dht11_read_data         0x08001e33   0x6a  Code  Gb  dht11.o [1]
dht11_reset             0x08001d9d   0x2e  Code  Gb  dht11.o [1]
dht11_scan              0x08001dcb   0x10  Code  Gb  dht11.o [1]
exit                    0x08002813    0x4  Code  Gb  exit.o [3]
frexp                   0x080012f5         Code  Gb  frexp.o [4]
frexpl                  0x080012f5         Code  Gb  frexp.o [4]
gTimingDelay            0x20000018    0x4  Data  Gb  timer.o [1]
ldexp                   0x080013c5         Code  Gb  ldexp.o [4]
ldexpl                  0x080013c5         Code  Gb  ldexp.o [4]
main                    0x08002681   0xa6  Code  Gb  main.o [1]
memchr                  0x08000f61         Code  Gb  memchr.o [5]
rtc_configuration       0x0800203d   0xd0  Code  Gb  standby.o [1]
scalbln                 0x080013c5         Code  Gb  ldexp.o [4]
scalblnl                0x080013c5         Code  Gb  ldexp.o [4]
scalbn                  0x080013c5         Code  Gb  ldexp.o [4]
scalbnl                 0x080013c5         Code  Gb  ldexp.o [4]
scale                   0x0800078d   0x46  Code  Lc  xprintffull_nomb.o [3]
sec_hand                0x2000001c    0x4  Data  Lc  xfail_s.o [3]
strchr                  0x08000ecd         Code  Gb  strchr.o [5]
strlen                  0x08000f29         Code  Gb  strlen.o [5]
systick_init            0x08001fd5   0x16  Code  Gb  timer.o [1]
timing_delay_decrement  0x08001feb   0x14  Code  Gb  timer.o [1]
usart_config            0x08002439   0x26  Code  Gb  usart.o [1]
usart_gpio_init         0x0800245f   0x36  Code  Gb  usart.o [1]
usart_param_config      0x08002495   0x3c  Code  Gb  usart.o [1]
usart_printf            0x08002509   0x1c  Code  Gb  usart.o [1]
usart_send_string       0x080024d1   0x2e  Code  Gb  usart.o [1]
vsprintf                0x08002621   0x38  Code  Gb  vsprintf.o [3]


[1] = C:\Users\one\Documents\GitHub\IoT\STM32F10X_IoT\Debug\Obj
[2] = command line
[3] = dl7M_tln.a
[4] = m7M_tl.a
[5] = rt7M_tl.a
[6] = shb_l.a

  10 428 bytes of readonly  code memory
     124 bytes of readonly  data memory
   2 080 bytes of readwrite data memory

Errors: none
Warnings: none
